Traceback (most recent call last):
  File "D:\Miniconda\Lib\site-packages\jupyter_cache\executors\utils.py", line 58, in single_nb_execution
    executenb(
  File "D:\Miniconda\Lib\site-packages\nbclient\client.py", line 1319, in execute
    return NotebookClient(nb=nb, resources=resources, km=km, **kwargs).execute()
           ^^^^^^^^^^^^^^^^^^^^^^^^^^^^^^^^^^^^^^^^^^^^^^^^^^^^^^^^^^^^^^^^^^^^^
  File "D:\Miniconda\Lib\site-packages\jupyter_core\utils\__init__.py", line 165, in wrapped
    return loop.run_until_complete(inner)
           ^^^^^^^^^^^^^^^^^^^^^^^^^^^^^^
  File "D:\Miniconda\Lib\asyncio\base_events.py", line 687, in run_until_complete
    return future.result()
           ^^^^^^^^^^^^^^^
  File "D:\Miniconda\Lib\site-packages\nbclient\client.py", line 709, in async_execute
    await self.async_execute_cell(
  File "D:\Miniconda\Lib\site-packages\nbclient\client.py", line 1062, in async_execute_cell
    await self._check_raise_for_error(cell, cell_index, exec_reply)
  File "D:\Miniconda\Lib\site-packages\nbclient\client.py", line 918, in _check_raise_for_error
    raise CellExecutionError.from_cell_and_msg(cell, exec_reply_content)
nbclient.exceptions.CellExecutionError: An error occurred while executing the following cell:
------------------
covertype = fetch_ucirepo(id=31)
------------------


[31m---------------------------------------------------------------------------[39m
[31mAttributeError[39m                            Traceback (most recent call last)
[36mCell[39m[36m [39m[32mIn[6][39m[32m, line 1[39m
[32m----> [39m[32m1[39m covertype = [43mfetch_ucirepo[49m[43m([49m[38;5;28;43mid[39;49m[43m=[49m[32;43m31[39;49m[43m)[49m

[36mFile [39m[32mD:\Miniconda\Lib\site-packages\ucimlrepo\fetch.py:97[39m, in [36mfetch_ucirepo[39m[34m(name, id)[39m
[32m     95[39m df = [38;5;28;01mNone[39;00m
[32m     96[39m [38;5;28;01mtry[39;00m:
[32m---> [39m[32m97[39m     df = [43mpd[49m[43m.[49m[43mread_csv[49m(data_url)
[32m     98[39m [38;5;28;01mexcept[39;00m (urllib.error.URLError, urllib.error.HTTPError):
[32m     99[39m     [38;5;28;01mraise[39;00m DatasetNotFoundError([33m'[39m[33mError reading data csv file for [39m[33m"[39m[38;5;132;01m{}[39;00m[33m"[39m[33m dataset (id=[39m[38;5;132;01m{}[39;00m[33m).[39m[33m'[39m.format(name, [38;5;28mid[39m))

[31mAttributeError[39m: module 'pandas' has no attribute 'read_csv'

